../Core/Src/main.c:95:6:HAL_GPIO_EXTI_Callback	16	static
../Core/Src/main.c:112:5:main	8	static
../Core/Src/main.c:178:6:SystemClock_Config	88	static
../Core/Src/main.c:236:13:MX_ADC1_Init	24	static
../Core/Src/main.c:288:13:MX_I2C1_Init	8	static
../Core/Src/main.c:336:13:MX_I2C2_Init	8	static
../Core/Src/main.c:384:13:MX_SPI1_Init	8	static
../Core/Src/main.c:424:13:MX_TIM1_Init	112	static
../Core/Src/main.c:516:13:MX_TIM2_Init	80	static
../Core/Src/main.c:588:13:MX_TIM3_Init	56	static
../Core/Src/main.c:637:13:MX_TIM4_Init	56	static
../Core/Src/main.c:686:13:MX_TIM5_Init	64	static
../Core/Src/main.c:745:13:MX_TIM6_Init	24	static
../Core/Src/main.c:783:13:MX_TIM8_Init	112	static
../Core/Src/main.c:875:13:MX_UART4_Init	8	static
../Core/Src/main.c:910:13:MX_UART5_Init	8	static
../Core/Src/main.c:945:13:MX_USART1_UART_Init	8	static
../Core/Src/main.c:980:13:MX_USART2_UART_Init	8	static
../Core/Src/main.c:1015:13:MX_USART3_UART_Init	8	static
../Core/Src/main.c:1048:13:MX_DMA_Init	16	static
../Core/Src/main.c:1066:13:MX_GPIO_Init	64	static
../Core/Src/main.c:1208:6:Error_Handler	4	static,ignoring_inline_asm
